// Jest Snapshot v1, https://goo.gl/fbAQLP

exports[`The Expandable Text Component should render correctly 1`] = `
<details>
  <summary>
    <span
      class="summary"
    >
      Lorem ipsum
    </span>
  </summary>
  <div
    class="panel panel-border-narrow"
  >
    Dolor set amet
  </div>
</details>
`;
